// Jest Snapshot v1, https://goo.gl/fbAQLP

exports[`Home component test all mocks should render all cities in my world 1`] = `
<section>
  <h1 class="title">Offices</h1>
  <div class="panel">
    <router-link-stub class="panel-block p-4" to="[object Object]"></router-link-stub>
    <router-link-stub class="panel-block p-4" to="[object Object]"></router-link-stub>
  </div>
</section>
`;

exports[`Home component test with instance should render all cities where Zenika is 1`] = `
<section>
  <h1 class="title">Offices</h1>
  <div class="panel">
    <router-link-stub class="panel-block p-4" to="[object Object]"></router-link-stub>
    <router-link-stub class="panel-block p-4" to="[object Object]"></router-link-stub>
    <router-link-stub class="panel-block p-4" to="[object Object]"></router-link-stub>
    <router-link-stub class="panel-block p-4" to="[object Object]"></router-link-stub>
    <router-link-stub class="panel-block p-4" to="[object Object]"></router-link-stub>
    <router-link-stub class="panel-block p-4" to="[object Object]"></router-link-stub>
    <router-link-stub class="panel-block p-4" to="[object Object]"></router-link-stub>
    <router-link-stub class="panel-block p-4" to="[object Object]"></router-link-stub>
    <router-link-stub class="panel-block p-4" to="[object Object]"></router-link-stub>
    <router-link-stub class="panel-block p-4" to="[object Object]"></router-link-stub>
  </div>
</section>
`;
